Archive member included to satisfy reference by file (symbol)

c:/users/hp/desktop/yasmin/imt/imt_arm_course/02- tools/03- imt sdk/imt_sdk_win_64/winarm/armgcc/bin/../lib/gcc/arm-none-eabi/7.2.1/../../../../arm-none-eabi/lib/thumb/v7-m\libg_nano.a(lib_a-errno.o)
                              ./system/src/newlib/_sbrk.o (__errno)
c:/users/hp/desktop/yasmin/imt/imt_arm_course/02- tools/03- imt sdk/imt_sdk_win_64/winarm/armgcc/bin/../lib/gcc/arm-none-eabi/7.2.1/../../../../arm-none-eabi/lib/thumb/v7-m\libg_nano.a(lib_a-impure.o)
                              c:/users/hp/desktop/yasmin/imt/imt_arm_course/02- tools/03- imt sdk/imt_sdk_win_64/winarm/armgcc/bin/../lib/gcc/arm-none-eabi/7.2.1/../../../../arm-none-eabi/lib/thumb/v7-m\libg_nano.a(lib_a-errno.o) (_impure_ptr)
c:/users/hp/desktop/yasmin/imt/imt_arm_course/02- tools/03- imt sdk/imt_sdk_win_64/winarm/armgcc/bin/../lib/gcc/arm-none-eabi/7.2.1/../../../../arm-none-eabi/lib/thumb/v7-m\libg_nano.a(lib_a-memset.o)
                              ./src/main.o (memset)
c:/users/hp/desktop/yasmin/imt/imt_arm_course/02- tools/03- imt sdk/imt_sdk_win_64/winarm/armgcc/bin/../lib/gcc/arm-none-eabi/7.2.1/../../../../arm-none-eabi/lib/thumb/v7-m\libg_nano.a(lib_a-sprintf.o)
                              ./src/ESP_program.o (sprintf)
c:/users/hp/desktop/yasmin/imt/imt_arm_course/02- tools/03- imt sdk/imt_sdk_win_64/winarm/armgcc/bin/../lib/gcc/arm-none-eabi/7.2.1/../../../../arm-none-eabi/lib/thumb/v7-m\libg_nano.a(lib_a-strlen.o)
                              ./system/src/diag/Trace.o (strlen)
c:/users/hp/desktop/yasmin/imt/imt_arm_course/02- tools/03- imt sdk/imt_sdk_win_64/winarm/armgcc/bin/../lib/gcc/arm-none-eabi/7.2.1/../../../../arm-none-eabi/lib/thumb/v7-m\libg_nano.a(lib_a-vsnprintf.o)
                              ./system/src/diag/Trace.o (vsnprintf)
c:/users/hp/desktop/yasmin/imt/imt_arm_course/02- tools/03- imt sdk/imt_sdk_win_64/winarm/armgcc/bin/../lib/gcc/arm-none-eabi/7.2.1/../../../../arm-none-eabi/lib/thumb/v7-m\libg_nano.a(lib_a-nano-svfprintf.o)
                              c:/users/hp/desktop/yasmin/imt/imt_arm_course/02- tools/03- imt sdk/imt_sdk_win_64/winarm/armgcc/bin/../lib/gcc/arm-none-eabi/7.2.1/../../../../arm-none-eabi/lib/thumb/v7-m\libg_nano.a(lib_a-sprintf.o) (_svfprintf_r)
c:/users/hp/desktop/yasmin/imt/imt_arm_course/02- tools/03- imt sdk/imt_sdk_win_64/winarm/armgcc/bin/../lib/gcc/arm-none-eabi/7.2.1/../../../../arm-none-eabi/lib/thumb/v7-m\libg_nano.a(lib_a-nano-vfprintf_i.o)
                              c:/users/hp/desktop/yasmin/imt/imt_arm_course/02- tools/03- imt sdk/imt_sdk_win_64/winarm/armgcc/bin/../lib/gcc/arm-none-eabi/7.2.1/../../../../arm-none-eabi/lib/thumb/v7-m\libg_nano.a(lib_a-nano-svfprintf.o) (_printf_i)
c:/users/hp/desktop/yasmin/imt/imt_arm_course/02- tools/03- imt sdk/imt_sdk_win_64/winarm/armgcc/bin/../lib/gcc/arm-none-eabi/7.2.1/../../../../arm-none-eabi/lib/thumb/v7-m\libg_nano.a(lib_a-memchr-stub.o)
                              c:/users/hp/desktop/yasmin/imt/imt_arm_course/02- tools/03- imt sdk/imt_sdk_win_64/winarm/armgcc/bin/../lib/gcc/arm-none-eabi/7.2.1/../../../../arm-none-eabi/lib/thumb/v7-m\libg_nano.a(lib_a-nano-svfprintf.o) (memchr)
c:/users/hp/desktop/yasmin/imt/imt_arm_course/02- tools/03- imt sdk/imt_sdk_win_64/winarm/armgcc/bin/../lib/gcc/arm-none-eabi/7.2.1/../../../../arm-none-eabi/lib/thumb/v7-m\libg_nano.a(lib_a-memcpy-stub.o)
                              c:/users/hp/desktop/yasmin/imt/imt_arm_course/02- tools/03- imt sdk/imt_sdk_win_64/winarm/armgcc/bin/../lib/gcc/arm-none-eabi/7.2.1/../../../../arm-none-eabi/lib/thumb/v7-m\libg_nano.a(lib_a-nano-svfprintf.o) (memcpy)
c:/users/hp/desktop/yasmin/imt/imt_arm_course/02- tools/03- imt sdk/imt_sdk_win_64/winarm/armgcc/bin/../lib/gcc/arm-none-eabi/7.2.1/../../../../arm-none-eabi/lib/thumb/v7-m\libg_nano.a(lib_a-memmove.o)
                              c:/users/hp/desktop/yasmin/imt/imt_arm_course/02- tools/03- imt sdk/imt_sdk_win_64/winarm/armgcc/bin/../lib/gcc/arm-none-eabi/7.2.1/../../../../arm-none-eabi/lib/thumb/v7-m\libg_nano.a(lib_a-nano-svfprintf.o) (memmove)
c:/users/hp/desktop/yasmin/imt/imt_arm_course/02- tools/03- imt sdk/imt_sdk_win_64/winarm/armgcc/bin/../lib/gcc/arm-none-eabi/7.2.1/../../../../arm-none-eabi/lib/thumb/v7-m\libg_nano.a(lib_a-nano-freer.o)
                              c:/users/hp/desktop/yasmin/imt/imt_arm_course/02- tools/03- imt sdk/imt_sdk_win_64/winarm/armgcc/bin/../lib/gcc/arm-none-eabi/7.2.1/../../../../arm-none-eabi/lib/thumb/v7-m\libg_nano.a(lib_a-nano-svfprintf.o) (_free_r)
c:/users/hp/desktop/yasmin/imt/imt_arm_course/02- tools/03- imt sdk/imt_sdk_win_64/winarm/armgcc/bin/../lib/gcc/arm-none-eabi/7.2.1/../../../../arm-none-eabi/lib/thumb/v7-m\libg_nano.a(lib_a-nano-mallocr.o)
[...]
Memory Configuration

Name             Origin             Length             Attributes
RAM              0x20000000         0x00005000         xrw
CCMRAM           0x00000000         0x00000000         xrw
FLASH            0x08000000         0x00002000         xr
FLASHB1          0x00000000         0x00000000         xr
EXTMEMB0         0x00000000         0x00000000         xr
EXTMEMB1         0x00000000         0x00000000         xr
EXTMEMB2         0x00000000         0x00000000         xr
EXTMEMB3         0x00000000         0x00000000         xr
MEMORY_ARRAY     0x00000000         0x00000000         xrw
*default*        0x00000000         0xffffffff

Linker script and memory map

LOAD ./system/src/stm32f1-stdperiph/misc.o
LOAD ./system/src/stm32f1-stdperiph/stm32f10x_gpio.o
LOAD ./system/src/stm32f1-stdperiph/stm32f10x_rcc.o
LOAD ./system/src/newlib/_cxx.o
LOAD ./system/src/newlib/_exit.o
LOAD ./system/src/newlib/_sbrk.o
LOAD ./system/src/newlib/_startup.o
LOAD ./system/src/newlib/_syscalls.o
LOAD ./system/src/newlib/assert.o
LOAD ./system/src/diag/Trace.o
LOAD ./system/src/diag/trace_impl.o
LOAD ./system/src/cortexm/_initialize_hardware.o
LOAD ./system/src/cortexm/_reset_hardware.o
LOAD ./system/src/cortexm/exception_handlers.o
LOAD ./system/src/cmsis/system_stm32f10x.o
LOAD ./system/src/cmsis/vectors_stm32f10x.o
LOAD ./src/DIO_program.o
LOAD ./src/ESP_program.o
LOAD ./src/FPEC_program.o
LOAD ./src/Parse.o
LOAD ./src/RCC_program.o
LOAD ./src/USART_program.o
LOAD ./src/main.o
LOAD c:/users/hp/desktop/yasmin/imt/imt_arm_course/02- tools/03- imt sdk/imt_sdk_win_64/winarm/armgcc/bin/../lib/gcc/arm-none-eabi/7.2.1/../../../../arm-none-eabi/lib/thumb/v7-m\libstdc++_nano.a
LOAD c:/users/hp/desktop/yasmin/imt/imt_arm_course/02- tools/03- imt sdk/imt_sdk_win_64/winarm/armgcc/bin/../lib/gcc/arm-none-eabi/7.2.1/../../../../arm-none-eabi/lib/thumb/v7-m\libm.a
START GROUP
LOAD c:/users/hp/desktop/yasmin/imt/imt_arm_course/02- tools/03- imt sdk/imt_sdk_win_64/winarm/armgcc/bin/../lib/gcc/arm-none-eabi/7.2.1/thumb/v7-m\libgcc.a
LOAD c:/users/hp/desktop/yasmin/imt/imt_arm_course/02- tools/03- imt sdk/imt_sdk_win_64/winarm/armgcc/bin/../lib/gcc/arm-none-eabi/7.2.1/../../../../arm-none-eabi/lib/thumb/v7-m\libg_nano.a
LOAD c:/users/hp/desktop/yasmin/imt/imt_arm_course/02- tools/03- imt sdk/imt_sdk_win_64/winarm/armgcc/bin/../lib/gcc/arm-none-eabi/7.2.1/../../../../arm-none-eabi/lib/thumb/v7-m\libc_nano.a
END GROUP
START GROUP
LOAD c:/users/hp/desktop/yasmin/imt/imt_arm_course/02- tools/03- imt sdk/imt_sdk_win_64/winarm/armgcc/bin/../lib/gcc/arm-none-eabi/7.2.1/thumb/v7-m\libgcc.a
LOAD c:/users/hp/desktop/yasmin/imt/imt_arm_course/02- tools/03- imt sdk/imt_sdk_win_64/winarm/armgcc/bin/../lib/gcc/arm-none-eabi/7.2.1/../../../../arm-none-eabi/lib/thumb/v7-m\libc_nano.a
END GROUP
                0x20005000                __stack = (ORIGIN (RAM) + LENGTH (RAM))
                0x20005000                _estack = __stack
                0x00000400                __Main_Stack_Size = 0x400
                [!provide]                PROVIDE (_Main_Stack_Size, __Main_Stack_Size)
                0x20004c00                __Main_Stack_Limit = (__stack - __Main_Stack_Size)
                [!provide]                PROVIDE (_Main_Stack_Limit, __Main_Stack_Limit)
                0x00000100                _Minimum_Stack_Size = 0x100
                0x2000093c                PROVIDE (_Heap_Begin, _end_noinit)
                0x20004c00                PROVIDE (_Heap_Limit, (__stack - __Main_Stack_Size))

.isr_vector     0x08000000      0x350
 FILL mask 0xff
                0x08000000                __vectors_start = ABSOLUTE (.)
                0x08000000                __vectors_start__ = ABSOLUTE (.)
 *(.isr_vector)
 .isr_vector    0x08000000      0x10c ./system/src/cmsis/vectors_stm32f10x.o
                0x08000000                __isr_vectors
 *(.cfmconfig)
 *(.after_vectors .after_vectors.*)
 .after_vectors
                0x0800010c      0x114 ./system/src/newlib/_startup.o
                0x0800010c                _start
 .after_vectors
                0x08000220      0x12c ./system/src/cortexm/exception_handlers.o
                0x08000220                Reset_Handler
                0x08000226                NMI_Handler
                0x0800022a                HardFault_Handler
                0x0800023e                HardFault_Handler_C
                0x0800029c                MemManage_Handler
                0x080002a0                BusFault_Handler
                0x080002b4                BusFault_Handler_C
                0x080002e8                UsageFault_Handler
                0x080002fc                UsageFault_Handler_C
                0x08000330                SVC_Handler
                0x08000334                DebugMon_Handler
                0x08000338                PendSV_Handler
                0x0800033c                SysTick_Handler
 .after_vectors
                0x0800034c        0x4 ./system/src/cmsis/vectors_stm32f10x.o
                0x0800034c                EXTI2_IRQHandler
                0x0800034c                TIM8_TRG_COM_IRQHandler
                0x0800034c                TIM8_CC_IRQHandler
                0x0800034c                TIM1_CC_IRQHandler
                0x0800034c                TIM6_IRQHandler
                0x0800034c                PVD_IRQHandler
                0x0800034c                SDIO_IRQHandler
                0x0800034c                CAN2_RX1_IRQHandler
                0x0800034c                EXTI3_IRQHandler
                0x0800034c                TIM8_TRG_COM_TIM14_IRQHandler
                0x0800034c                TIM1_UP_TIM10_IRQHandler
                0x0800034c                TIM8_UP_TIM13_IRQHandler
                0x0800034c                EXTI0_IRQHandler
                0x0800034c                I2C2_EV_IRQHandler
                0x0800034c                CAN1_RX0_IRQHandler
                0x0800034c                TIM1_UP_TIM16_IRQHandler
                0x0800034c                CAN2_SCE_IRQHandler
                0x0800034c                ADC1_2_IRQHandler
                0x0800034c                SPI1_IRQHandler
                0x0800034c                TAMPER_IRQHandler
                0x0800034c                TIM6_DAC_IRQHandler
                0x0800034c                TIM1_BRK_TIM9_IRQHandler
                0x0800034c                CAN2_RX0_IRQHandler
                0x0800034c                TIM8_UP_IRQHandler
                0x0800034c                DMA2_Channel2_IRQHandler
                0x0800034c                DMA1_Channel4_IRQHandler
                0x0800034c                USART3_IRQHandler
                0x0800034c                RTC_IRQHandler
                0x0800034c                DMA1_Channel7_IRQHandler
                0x0800034c                CAN1_RX1_IRQHandler
                0x0800034c                UART5_IRQHandler
                0x0800034c                ADC3_IRQHandler
                0x0800034c                TIM4_IRQHandler
                0x0800034c                DMA2_Channel1_IRQHandler
                0x0800034c                I2C1_EV_IRQHandler
                0x0800034c                DMA1_Channel6_IRQHandler
                0x0800034c                UART4_IRQHandler
                0x0800034c                DMA2_Channel4_IRQHandler
                0x0800034c                TIM3_IRQHandler
                0x0800034c                RCC_IRQHandler
                0x0800034c                TIM8_BRK_TIM12_IRQHandler
                0x0800034c                TIM1_TRG_COM_IRQHandler
                0x0800034c                DMA1_Channel1_IRQHandler
                0x0800034c                Default_Handler
                0x0800034c                CEC_IRQHandler
                0x0800034c                EXTI15_10_IRQHandler
                0x0800034c                TIM14_IRQHandler
                0x0800034c                TIM13_IRQHandler
                0x0800034c                TIM12_IRQHandler
                0x0800034c                TIM7_IRQHandler
                0x0800034c                CAN2_TX_IRQHandler
                0x0800034c                TIM5_IRQHandler
                0x0800034c                EXTI9_5_IRQHandler
                0x0800034c                ETH_WKUP_IRQHandler
                0x0800034c                SPI2_IRQHandler
                0x0800034c                CAN1_TX_IRQHandler
                0x0800034c                DMA2_Channel5_IRQHandler
                0x0800034c                DMA1_Channel5_IRQHandler
                0x0800034c                EXTI4_IRQHandler
                0x0800034c                USB_LP_CAN1_RX0_IRQHandler
                0x0800034c                TIM1_TRG_COM_TIM17_IRQHandler
                0x0800034c                USB_HP_CAN1_TX_IRQHandler
                0x0800034c                DMA1_Channel3_IRQHandler
                0x0800034c                FSMC_IRQHandler
                0x0800034c                ETH_IRQHandler
                0x0800034c                TIM1_UP_IRQHandler
                0x0800034c                WWDG_IRQHandler
                0x0800034c                TIM2_IRQHandler
                0x0800034c                OTG_FS_WKUP_IRQHandler
                0x0800034c                TIM1_TRG_COM_TIM11_IRQHandler
                0x0800034c                TIM1_BRK_IRQHandler
                0x0800034c                EXTI1_IRQHandler
                0x0800034c                RTCAlarm_IRQHandler
                0x0800034c                DMA2_Channel4_5_IRQHandler
                0x0800034c                USART2_IRQHandler
                0x0800034c                I2C2_ER_IRQHandler
                0x0800034c                DMA1_Channel2_IRQHandler
                0x0800034c                TIM8_BRK_IRQHandler
                0x0800034c                CAN1_SCE_IRQHandler
                0x0800034c                FLASH_IRQHandler
                0x0800034c                USART1_IRQHandler
                0x0800034c                OTG_FS_IRQHandler
                0x0800034c                SPI3_IRQHandler
                0x0800034c                I2C1_ER_IRQHandler
                0x0800034c                USBWakeUp_IRQHandler
                0x0800034c                DMA2_Channel3_IRQHandler
                0x0800034c                TIM1_BRK_TIM15_IRQHandler

.inits          0x08000350       0x28
                0x08000350                __data_regions_array_start = .
                0x08000350        0x4 LONG 0x8001a40 LOADADDR (.data)
                0x08000354        0x4 LONG 0x20000000 ADDR (.data)
                0x08000358        0x4 LONG 0x20000090 (ADDR (.data) + SIZEOF (.data))
                0x0800035c        0x4 LONG 0x8001a40 LOADADDR (.data_CCMRAM)
                0x08000360        0x4 LONG 0x0 ADDR (.data_CCMRAM)
                0x08000364        0x4 LONG 0x0 (ADDR (.data_CCMRAM) + SIZEOF (.data_CCMRAM))
                0x08000368                __data_regions_array_end = .
                0x08000368                __bss_regions_array_start = .
                0x08000368        0x4 LONG 0x20000090 ADDR (.bss)
                0x0800036c        0x4 LONG 0x2000093c (ADDR (.bss) + SIZEOF (.bss))
                0x08000370        0x4 LONG 0x0 ADDR (.bss_CCMRAM)
                0x08000374        0x4 LONG 0x0 (ADDR (.bss_CCMRAM) + SIZEOF (.bss_CCMRAM))
                0x08000378                __bss_regions_array_end = .
 *(.init)
 *(.fini)
                0x08000378                . = ALIGN (0x4)
                0x08000378                PROVIDE (__preinit_array_start, .)
 *(.preinit_array_sysinit .preinit_array_sysinit.*)
 *(.preinit_array_platform .preinit_array_platform.*)
 *(.preinit_array .preinit_array.*)
                0x08000378                PROVIDE (__preinit_array_end, .)
                0x08000378                . = ALIGN (0x4)
                0x08000378                PROVIDE (__init_array_start, .)
 *(SORT_BY_NAME(.init_array.*))
 *(.init_array)
                0x08000378                PROVIDE (__init_array_end, .)
                0x08000378                . = ALIGN (0x4)
                0x08000378                PROVIDE (__fini_array_start, .)
 *(SORT_BY_NAME(.fini_array.*))
 *(.fini_array)
                0x08000378                PROVIDE (__fini_array_end, .)

.flashtext
 *(.flashtext .flashtext.*)

.text           0x08000378     0x16c7
 *(.text .text.*)
 .text._exit    0x08000378        0x2 ./system/src/newlib/_exit.o
                0x08000378                _exit
 *fill*         0x0800037a        0x2 
 .text._sbrk    0x0800037c       0x44 ./system/src/newlib/_sbrk.o
                0x0800037c                _sbrk
 .text.__initialize_args
                0x080003c0       0x10 ./system/src/newlib/_syscalls.o
                0x080003c0                __initialize_args
 .text.trace_printf
                0x080003d0       0x30 ./system/src/diag/Trace.o
                0x080003d0                trace_printf
 .text._trace_write_semihosting_debug
                0x08000400       0x60 ./system/src/diag/trace_impl.o
 .text.trace_write
                0x08000460        0x8 ./system/src/diag/trace_impl.o
                0x08000460                trace_write
 .text.__initialize_hardware_early
                0x08000468       0x18 ./system/src/cortexm/_initialize_hardware.o
                0x08000468                __initialize_hardware_early
 .text.__initialize_hardware
                0x08000480        0x8 ./system/src/cortexm/_initialize_hardware.o
                0x08000480                __initialize_hardware
 .text.dumpExceptionStack
                0x08000488       0xf4 ./system/src/cortexm/exception_handlers.o
                0x08000488                dumpExceptionStack
 .text.isSemihosting
                0x0800057c       0x20 ./system/src/cortexm/exception_handlers.o
                0x0800057c                isSemihosting
 .text.SetSysClockTo72
                0x0800059c       0xc4 ./system/src/cmsis/system_stm32f10x.o
 .text.SetSysClock
                0x08000660        0x8 ./system/src/cmsis/system_stm32f10x.o
 .text.SystemInit
                0x08000668       0x50 ./system/src/cmsis/system_stm32f10x.o
                0x08000668                SystemInit
 .text.SystemCoreClockUpdate
                0x080006b8       0x94 ./system/src/cmsis/system_stm32f10x.o
                0x080006b8                SystemCoreClockUpdate
 .text.MGPIO_VidSetPinDirection
                0x0800074c       0xe8 ./src/DIO_program.o
                0x0800074c                MGPIO_VidSetPinDirection
 .text.u8ESPValidateCmd
                0x08000834       0x74 ./src/ESP_program.o
 .text.HESP_voidWifiServerUrlTCP
                0x080008a8       0x48 ./src/ESP_program.o
 .text.HESP_voidWifiCIPSEND
                0x080008f0       0x5c ./src/ESP_program.o
 .text.HESP_voidInit
                0x0800094c       0x40 ./src/ESP_program.o
                0x0800094c                HESP_voidInit
 .text.HESP_voidWifiConnect
                0x0800098c       0x48 ./src/ESP_program.o
                0x0800098c                HESP_voidWifiConnect
 .text.HESP_voidGEThttpReq
                0x080009d4       0x48 ./src/ESP_program.o
                0x080009d4                HESP_voidGEThttpReq
 .text.FPEC_voidFlashPageErase
                0x08000a1c       0x60 ./src/FPEC_program.o
                0x08000a1c                FPEC_voidFlashPageErase
 .text.FPEC_voidEraseAppArea
                0x08000a7c       0x16 ./src/FPEC_program.o
                0x08000a7c                FPEC_voidEraseAppArea
 *fill*         0x08000a92        0x2 
 .text.FPEC_voidFlashWrite
                0x08000a94       0x70 ./src/FPEC_program.o
                0x08000a94                FPEC_voidFlashWrite
 .text.AsciToHex
                0x08000b04       0x14 ./src/Parse.o
                0x08000b04                AsciToHex
 .text.ParseData
                0x08000b18       0xc0 ./src/Parse.o
                0x08000b18                ParseData
 .text.Parser_voidParseRecord
                0x08000bd8       0x10 ./src/Parse.o
                0x08000bd8                Parser_voidParseRecord
 .text.RCC_voidInitSysClock
                0x08000be8       0x14 ./src/RCC_program.o
                0x08000be8                RCC_voidInitSysClock
 .text.RCC_voidEnableClock
                0x08000bfc       0x4c ./src/RCC_program.o
                0x08000bfc                RCC_voidEnableClock
 .text.MUSART1_voidInit
                0x08000c48       0x28 ./src/USART_program.o
                0x08000c48                MUSART1_voidInit
 .text.MUSART1_voidTransmit
                0x08000c70       0x24 ./src/USART_program.o
                0x08000c70                MUSART1_voidTransmit
 .text.MUSART1_u8Receive
                0x08000c94       0x24 ./src/USART_program.o
                0x08000c94                MUSART1_u8Receive
 .text.func     0x08000cb8       0x24 ./src/main.o
                0x08000cb8                func
 .text.Erase_buffer
                0x08000cdc       0x18 ./src/main.o
                0x08000cdc                Erase_buffer
 .text.Delay    0x08000cf4       0x20 ./src/main.o
                0x08000cf4                Delay
 .text.main     0x08000d14      0x1d4 ./src/main.o
                0x08000d14                main
 .text.__errno  0x08000ee8        0xc c:/users/hp/desktop/yasmin/imt/imt_arm_course/02- tools/03- imt sdk/imt_sdk_win_64/winarm/armgcc/bin/../lib/gcc/arm-none-eabi/7.2.1/../../../../arm-none-eabi/lib/thumb/v7-m\libg_nano.a(lib_a-errno.o)
                0x08000ee8                __errno
 .text.memset   0x08000ef4       0x10 c:/users/hp/desktop/yasmin/imt/imt_arm_course/02- tools/03- imt sdk/imt_sdk_win_64/winarm/armgcc/bin/../lib/gcc/arm-none-eabi/7.2.1/../../../../arm-none-eabi/lib/thumb/v7-m\libg_nano.a(lib_a-memset.o)
                0x08000ef4                memset
 .text.sprintf  0x08000f04       0x40 c:/users/hp/desktop/yasmin/imt/imt_arm_course/02- tools/03- imt sdk/imt_sdk_win_64/winarm/armgcc/bin/../lib/gcc/arm-none-eabi/7.2.1/../../../../arm-none-eabi/lib/thumb/v7-m\libg_nano.a(lib_a-sprintf.o)
                0x08000f04                siprintf
                0x08000f04                sprintf
 .text          0x08000f44       0x10 c:/users/hp/desktop/yasmin/imt/imt_arm_course/02- tools/03- imt sdk/imt_sdk_win_64/winarm/armgcc/bin/../lib/gcc/arm-none-eabi/7.2.1/../../../../arm-none-eabi/lib/thumb/v7-m\libg_nano.a(lib_a-strlen.o)
                0x08000f44                strlen
 .text._vsnprintf_r
                0x08000f54       0x58 c:/users/hp/desktop/yasmin/imt/imt_arm_course/02- tools/03- imt sdk/imt_sdk_win_64/winarm/armgcc/bin/../lib/gcc/arm-none-eabi/7.2.1/../../../../arm-none-eabi/lib/thumb/v7-m\libg_nano.a(lib_a-vsnprintf.o)
                0x08000f54                _vsniprintf_r
                0x08000f54                _vsnprintf_r
 .text.vsnprintf
                0x08000fac       0x1c c:/users/hp/desktop/yasmin/imt/imt_arm_course/02- tools/03- imt sdk/imt_sdk_win_64/winarm/armgcc/bin/../lib/gcc/arm-none-eabi/7.2.1/../../../../arm-none-eabi/lib/thumb/v7-m\libg_nano.a(lib_a-vsnprintf.o)
                0x08000fac                vsniprintf
                0x08000fac                vsnprintf
 .text.__ssputs_r
                0x08000fc8       0xb4 c:/users/hp/desktop/yasmin/imt/imt_arm_course/02- tools/03- imt sdk/imt_sdk_win_64/winarm/armgcc/bin/../lib/gcc/arm-none-eabi/7.2.1/../../../../arm-none-eabi/lib/thumb/v7-m\libg_nano.a(lib_a-nano-svfprintf.o)
                0x08000fc8                __ssputs_r
 .text._svfprintf_r
                0x0800107c      0x1ec c:/users/hp/desktop/yasmin/imt/imt_arm_course/02- tools/03- imt sdk/imt_sdk_win_64/winarm/armgcc/bin/../lib/gcc/arm-none-eabi/7.2.1/../../../../arm-none-eabi/lib/thumb/v7-m\libg_nano.a(lib_a-nano-svfprintf.o)
                0x0800107c                _svfiprintf_r
                0x0800107c                _svfprintf_r
 .text._printf_common
                0x08001268       0xec c:/users/hp/desktop/yasmin/imt/imt_arm_course/02- tools/03- imt sdk/imt_sdk_win_64/winarm/armgcc/bin/../lib/gcc/arm-none-eabi/7.2.1/../../../../arm-none-eabi/lib/thumb/v7-m\libg_nano.a(lib_a-nano-vfprintf_i.o)
                0x08001268                _printf_common
 .text._printf_i
                0x08001354      0x224 c:/users/hp/desktop/yasmin/imt/imt_arm_course/02- tools/03- imt sdk/imt_sdk_win_64/winarm/armgcc/bin/../lib/gcc/arm-none-eabi/7.2.1/../../../../arm-none-eabi/lib/thumb/v7-m\libg_nano.a(lib_a-nano-vfprintf_i.o)
                0x08001354                _printf_i
 .text.memchr   0x08001578       0x1c c:/users/hp/desktop/yasmin/imt/imt_arm_course/02- tools/03- imt sdk/imt_sdk_win_64/winarm/armgcc/bin/../lib/gcc/arm-none-eabi/7.2.1/../../../../arm-none-eabi/lib/thumb/v7-m\libg_nano.a(lib_a-memchr-stub.o)
                0x08001578                memchr
 .text.memcpy   0x08001594       0x16 c:/users/hp/desktop/yasmin/imt/imt_arm_course/02- tools/03- imt sdk/imt_sdk_win_64/winarm/armgcc/bin/../lib/gcc/arm-none-eabi/7.2.1/../../../../arm-none-eabi/lib/thumb/v7-m\libg_nano.a(lib_a-memcpy-stub.o)
                0x08001594                memcpy
 .text.memmove  0x080015aa       0x32 c:/users/hp/desktop/yasmin/imt/imt_arm_course/02- tools/03- imt sdk/imt_sdk_win_64/winarm/armgcc/bin/../lib/gcc/arm-none-eabi/7.2.1/../../../../arm-none-eabi/lib/thumb/v7-m\libg_nano.a(lib_a-memmove.o)
                0x080015aa                memmove
 .text._free_r  0x080015dc       0x98 c:/users/hp/desktop/yasmin/imt/imt_arm_course/02- tools/03- imt sdk/imt_sdk_win_64/winarm/armgcc/bin/../lib/gcc/arm-none-eabi/7.2.1/../../../../arm-none-eabi/lib/thumb/v7-m\libg_nano.a(lib_a-nano-freer.o)
                0x080015dc                _free_r
 .text._malloc_r
                0x08001674       0xb4 c:/users/hp/desktop/yasmin/imt/imt_arm_course/02- tools/03- imt sdk/imt_sdk_win_64/winarm/armgcc/bin/../lib/gcc/arm-none-eabi/7.2.1/../../../../arm-none-eabi/lib/thumb/v7-m\libg_nano.a(lib_a-nano-mallocr.o)
                0x08001674                _malloc_r
 .text._realloc_r
                0x08001728       0x4c c:/users/hp/desktop/yasmin/imt/imt_arm_course/02- tools/03- imt sdk/imt_sdk_win_64/winarm/armgcc/bin/../lib/gcc/arm-none-eabi/7.2.1/../../../../arm-none-eabi/lib/thumb/v7-m\libg_nano.a(lib_a-nano-reallocr.o)
                0x08001728                _realloc_r
 .text._sbrk_r  0x08001774       0x20 c:/users/hp/desktop/yasmin/imt/imt_arm_course/02- tools/03- imt sdk/imt_sdk_win_64/winarm/armgcc/bin/../lib/gcc/arm-none-eabi/7.2.1/../../../../arm-none-eabi/lib/thumb/v7-m\libg_nano.a(lib_a-sbrkr.o)
                0x08001774                _sbrk_r
 .text.__malloc_lock
                0x08001794        0x2 c:/users/hp/desktop/yasmin/imt/imt_arm_course/02- tools/03- imt sdk/imt_sdk_win_64/winarm/armgcc/bin/../lib/gcc/arm-none-eabi/7.2.1/../../../../arm-none-eabi/lib/thumb/v7-m\libg_nano.a(lib_a-mlock.o)
                0x08001794                __malloc_lock
 .text.__malloc_unlock
                0x08001796        0x2 c:/users/hp/desktop/yasmin/imt/imt_arm_course/02- tools/03- imt sdk/imt_sdk_win_64/winarm/armgcc/bin/../lib/gcc/arm-none-eabi/7.2.1/../../../../arm-none-eabi/lib/thumb/v7-m\libg_nano.a(lib_a-mlock.o)
                0x08001796                __malloc_unlock
 .text._malloc_usable_size_r
                0x08001798       0x10 c:/users/hp/desktop/yasmin/imt/imt_arm_course/02- tools/03- imt sdk/imt_sdk_win_64/winarm/armgcc/bin/../lib/gcc/arm-none-eabi/7.2.1/../../../../arm-none-eabi/lib/thumb/v7-m\libg_nano.a(lib_a-nano-msizer.o)
                0x08001798                _malloc_usable_size_r
 *(.rodata .rodata.* .constdata .constdata.*)
 .rodata.dumpExceptionStack.str1.4
                0x080017a8      0x11a ./system/src/cortexm/exception_handlers.o
 *fill*         0x080018c2        0x2 
 .rodata.str1.4
                0x080018c4       0x2a ./system/src/cortexm/exception_handlers.o
 *fill*         0x080018ee        0x2 
 .rodata.HESP_voidGEThttpReq.str1.4
                0x080018f0        0x5 ./src/ESP_program.o
 *fill*         0x080018f5        0x3 
 .rodata.HESP_voidInit.str1.4
                0x080018f8       0x16 ./src/ESP_program.o
 *fill*         0x0800190e        0x2 
 .rodata.HESP_voidWifiCIPSEND.str1.4
                0x08001910       0x13 ./src/ESP_program.o
 *fill*         0x08001923        0x1 
 .rodata.HESP_voidWifiConnect.str1.4
                0x08001924       0x14 ./src/ESP_program.o
                                 0x18 (size before relaxing)
 .rodata.HESP_voidWifiServerUrlTCP.str1.4
                0x08001938       0x17 ./src/ESP_program.o
                                 0x1b (size before relaxing)
 *fill*         0x0800194f        0x1 
 .rodata.main.str1.4
                0x08001950       0xbc ./src/main.o
                                 0xbb (size before relaxing)
 .rodata._svfprintf_r.str1.1
                0x08001a0c       0x11 c:/users/hp/desktop/yasmin/imt/imt_arm_course/02- tools/03- imt sdk/imt_sdk_win_64/winarm/armgcc/bin/../lib/gcc/arm-none-eabi/7.2.1/../../../../arm-none-eabi/lib/thumb/v7-m\libg_nano.a(lib_a-nano-svfprintf.o)
 .rodata._printf_i.str1.1
                0x08001a1d       0x22 c:/users/hp/desktop/yasmin/imt/imt_arm_course/02- tools/03- imt sdk/imt_sdk_win_64/winarm/armgcc/bin/../lib/gcc/arm-none-eabi/7.2.1/../../../../arm-none-eabi/lib/thumb/v7-m\libg_nano.a(lib_a-nano-vfprintf_i.o)
 *(vtable)
 *(.eh_frame*)
 *(.glue_7)
 .glue_7        0x08001a3f        0x0 linker stubs
 *(.glue_7t)
 .glue_7t       0x08001a3f        0x0 linker stubs

.vfp11_veneer   0x08001a40        0x0
 .vfp11_veneer  0x08001a40        0x0 linker stubs

.v4_bx          0x08001a40        0x0
 .v4_bx         0x08001a40        0x0 linker stubs

.iplt           0x08001a40        0x0
 .iplt          0x08001a40        0x0 ./system/src/newlib/_exit.o

.rel.dyn        0x08001a40        0x0
 .rel.iplt      0x08001a40        0x0 ./system/src/newlib/_exit.o

.ARM.extab
 *(.ARM.extab* .gnu.linkonce.armextab.*)
                0x08001a40                . = ALIGN (0x4)
                0x08001a40                __exidx_start = .

.ARM.exidx
 *(.ARM.exidx* .gnu.linkonce.armexidx.*)
                0x08001a40                __exidx_end = .
                0x08001a40                . = ALIGN (0x4)
                0x08001a40                _etext = .
                0x08001a40                __etext = .

.data_CCMRAM    0x00000000        0x0 load address 0x08001a40
 FILL mask 0xff
 *(.data.CCMRAM .data.CCMRAM.*)
                0x00000000                . = ALIGN (0x4)
                0x08001a40                _sidata = LOADADDR (.data)

.data           0x20000000       0x90 load address 0x08001a40
 FILL mask 0xff
                0x20000000                _sdata = .
                0x20000000                __data_start__ = .
 *(.data_begin .data_begin.*)
 .data_begin    0x20000000        0x4 ./system/src/newlib/_startup.o
 *(.data .data.*)
 .data.argv.4310
                0x20000004        0x8 ./system/src/newlib/_syscalls.o
 .data.AHBPrescTable
                0x2000000c       0x10 ./system/src/cmsis/system_stm32f10x.o
                0x2000000c                AHBPrescTable
 .data.SystemCoreClock
                0x2000001c        0x4 ./system/src/cmsis/system_stm32f10x.o
                0x2000001c                SystemCoreClock
 .data.Address  0x20000020        0x4 ./src/Parse.o
                0x20000020                Address
 .data.Page     0x20000024        0x1 ./src/main.o
                0x20000024                Page
 .data.status   0x20000025        0x1 ./src/main.o
                0x20000025                status
 *fill*         0x20000026        0x2 ff
 .data._impure_ptr
                0x20000028        0x4 c:/users/hp/desktop/yasmin/imt/imt_arm_course/02- tools/03- imt sdk/imt_sdk_win_64/winarm/armgcc/bin/../lib/gcc/arm-none-eabi/7.2.1/../../../../arm-none-eabi/lib/thumb/v7-m\libg_nano.a(lib_a-impure.o)
                0x20000028                _impure_ptr
 .data.impure_data
                0x2000002c       0x60 c:/users/hp/desktop/yasmin/imt/imt_arm_course/02- tools/03- imt sdk/imt_sdk_win_64/winarm/armgcc/bin/../lib/gcc/arm-none-eabi/7.2.1/../../../../arm-none-eabi/lib/thumb/v7-m\libg_nano.a(lib_a-impure.o)
 *(.data_end .data_end.*)
 .data_end      0x2000008c        0x4 ./system/src/newlib/_startup.o
                0x20000090                . = ALIGN (0x4)
                0x20000090                _edata = .
                0x20000090                __data_end__ = .

.igot.plt       0x20000090        0x0 load address 0x08001ad0
 .igot.plt      0x20000090        0x0 ./system/src/newlib/_exit.o

.bss_CCMRAM     0x00000000        0x0
 *(.bss.CCMRAM .bss.CCMRAM.*)

.bss            0x20000090      0x8ac
                0x20000090                __bss_start__ = .
                0x20000090                _sbss = .
 *(.bss_begin .bss_begin.*)
 .bss_begin     0x20000090        0x4 ./system/src/newlib/_startup.o
 *(.bss .bss.*)
 .bss.current_heap_end.3961
                0x20000094        0x4 ./system/src/newlib/_sbrk.o
 .bss.name.4309
                0x20000098        0x1 ./system/src/newlib/_syscalls.o
 *fill*         0x20000099        0x3 
 .bss.buf.5205  0x2000009c       0x80 ./system/src/diag/Trace.o
 .bss.Data      0x2000011c       0xc8 ./src/Parse.o
                0x2000011c                Data
 .bss.addr_to_call
                0x200001e4        0x4 ./src/main.o
                0x200001e4                addr_to_call
 .bss.j         0x200001e8        0x4 ./src/main.o
                0x200001e8                j
 .bss.u8RecCounter
                0x200001ec        0x1 ./src/main.o
                0x200001ec                u8RecCounter
 *fill*         0x200001ed        0x3 
 .bss.__malloc_free_list
                0x200001f0        0x4 c:/users/hp/desktop/yasmin/imt/imt_arm_course/02- tools/03- imt sdk/imt_sdk_win_64/winarm/armgcc/bin/../lib/gcc/arm-none-eabi/7.2.1/../../../../arm-none-eabi/lib/thumb/v7-m\libg_nano.a(lib_a-nano-mallocr.o)
                0x200001f0                __malloc_free_list
 .bss.__malloc_sbrk_start
                0x200001f4        0x4 c:/users/hp/desktop/yasmin/imt/imt_arm_course/02- tools/03- imt sdk/imt_sdk_win_64/winarm/armgcc/bin/../lib/gcc/arm-none-eabi/7.2.1/../../../../arm-none-eabi/lib/thumb/v7-m\libg_nano.a(lib_a-nano-mallocr.o)
                0x200001f4                __malloc_sbrk_start
 *(COMMON)
 COMMON         0x200001f8        0x4 ./system/src/newlib/_syscalls.o
                0x200001f8                errno
 COMMON         0x200001fc      0x73a ./src/main.o
                0x200001fc                Global_u8Data
                0x20000904                u8RecBuffer
 *(.bss_end .bss_end.*)
 *fill*         0x20000936        0x2 
 .bss_end       0x20000938        0x4 ./system/src/newlib/_startup.o
                0x2000093c                . = ALIGN (0x4)
                0x2000093c                __bss_end__ = .
                0x2000093c                _ebss = .

.noinit_CCMRAM
 *(.noinit.CCMRAM .noinit.CCMRAM.*)

.noinit         0x2000093c        0x0
                0x2000093c                _noinit = .
 *(.noinit .noinit.*)
                0x2000093c                . = ALIGN (0x4)
                0x2000093c                _end_noinit = .
                [!provide]                PROVIDE (end, _end_noinit)
                [!provide]                PROVIDE (_end, _end_noinit)
                [!provide]                PROVIDE (__end, _end_noinit)
                [!provide]                PROVIDE (__end__, _end_noinit)

._check_stack   0x2000093c      0x100
                0x20000a3c                . = (. + _Minimum_Stack_Size)
 *fill*         0x2000093c      0x100 

.b1text
 *(.b1text)
 *(.b1rodata)
 *(.b1rodata.*)

.eb0text
 *(.eb0text)
 *(.eb0rodata)
 *(.eb0rodata.*)

.eb1text
 *(.eb1text)
 *(.eb1rodata)
 *(.eb1rodata.*)

.eb2text
 *(.eb2text)
 *(.eb2rodata)
 *(.eb2rodata.*)

.eb3text
 *(.eb3text)
 *(.eb3rodata)
 *(.eb3rodata.*)

.stab
 *(.stab)

.stabstr
 *(.stabstr)

.stab.excl
 *(.stab.excl)

.stab.exclstr
 *(.stab.exclstr)

.stab.index
 *(.stab.index)

.stab.indexstr
 *(.stab.indexstr)

.comment        0x00000000       0x7e
 *(.comment)
 .comment       0x00000000       0x7e ./system/src/newlib/_exit.o
                                 0x7f (size before relaxing)
 .comment       0x0000007e       0x7f ./system/src/newlib/_sbrk.o
 .comment       0x0000007e       0x7f ./system/src/newlib/_startup.o
 .comment       0x0000007e       0x7f ./system/src/newlib/_syscalls.o
 .comment       0x0000007e       0x7f ./system/src/diag/Trace.o
 .comment       0x0000007e       0x7f ./system/src/diag/trace_impl.o
 .comment       0x0000007e       0x7f ./system/src/cortexm/_initialize_hardware.o
 .comment       0x0000007e       0x7f ./system/src/cortexm/exception_handlers.o
 .comment       0x0000007e       0x7f ./system/src/cmsis/system_stm32f10x.o
 .comment       0x0000007e       0x7f ./system/src/cmsis/vectors_stm32f10x.o
 .comment       0x0000007e       0x7f ./src/DIO_program.o
 .comment       0x0000007e       0x7f ./src/ESP_program.o
 .comment       0x0000007e       0x7f ./src/FPEC_program.o
 .comment       0x0000007e       0x7f ./src/Parse.o
 .comment       0x0000007e       0x7f ./src/RCC_program.o
 .comment       0x0000007e       0x7f ./src/USART_program.o
 .comment       0x0000007e       0x7f ./src/main.o

.ARM.attributes
                0x00000000       0x31
 .ARM.attributes
                0x00000000       0x33 ./system/src/newlib/_exit.o
 .ARM.attributes
                0x00000033       0x33 ./system/src/newlib/_sbrk.o
 .ARM.attributes
                0x00000066       0x33 ./system/src/newlib/_startup.o
 .ARM.attributes
                0x00000099       0x33 ./system/src/newlib/_syscalls.o
 .ARM.attributes
                0x000000cc       0x33 ./system/src/diag/Trace.o
 .ARM.attributes
                0x000000ff       0x33 ./system/src/diag/trace_impl.o
 .ARM.attributes
                0x00000132       0x33 ./system/src/cortexm/_initialize_hardware.o
 .ARM.attributes
                0x00000165       0x33 ./system/src/cortexm/exception_handlers.o
 .ARM.attributes
                0x00000198       0x33 ./system/src/cmsis/system_stm32f10x.o
 .ARM.attributes
                0x000001cb       0x33 ./system/src/cmsis/vectors_stm32f10x.o
 .ARM.attributes
                0x000001fe       0x33 ./src/DIO_program.o
 .ARM.attributes
                0x00000231       0x33 ./src/ESP_program.o
 .ARM.attributes
                0x00000264       0x33 ./src/FPEC_program.o
 .ARM.attributes
                0x00000297       0x33 ./src/Parse.o
 .ARM.attributes
                0x000002ca       0x33 ./src/RCC_program.o
 .ARM.attributes
                0x000002fd       0x33 ./src/USART_program.o
 .ARM.attributes
                0x00000330       0x33 ./src/main.o
 .ARM.attributes
                0x00000363       0x2d c:/users/hp/desktop/yasmin/imt/imt_arm_course/02- tools/03- imt sdk/imt_sdk_win_64/winarm/armgcc/bin/../lib/gcc/arm-none-eabi/7.2.1/../../../../arm-none-eabi/lib/thumb/v7-m\libg_nano.a(lib_a-errno.o)
 .ARM.attributes
                0x00000390       0x2d c:/users/hp/desktop/yasmin/imt/imt_arm_course/02- tools/03- imt sdk/imt_sdk_win_64/winarm/armgcc/bin/../lib/gcc/arm-none-eabi/7.2.1/../../../../arm-none-eabi/lib/thumb/v7-m\libg_nano.a(lib_a-impure.o)
 .ARM.attributes
                0x000003bd       0x2d c:/users/hp/desktop/yasmin/imt/imt_arm_course/02- tools/03- imt sdk/imt_sdk_win_64/winarm/armgcc/bin/../lib/gcc/arm-none-eabi/7.2.1/../../../../arm-none-eabi/lib/thumb/v7-m\libg_nano.a(lib_a-memset.o)
 .ARM.attributes
                0x000003ea       0x2d c:/users/hp/desktop/yasmin/imt/imt_arm_course/02- tools/03- imt sdk/imt_sdk_win_64/winarm/armgcc/bin/../lib/gcc/arm-none-eabi/7.2.1/../../../../arm-none-eabi/lib/thumb/v7-m\libg_nano.a(lib_a-sprintf.o)
 .ARM.attributes
                0x00000417       0x17 c:/users/hp/desktop/yasmin/imt/imt_arm_course/02- tools/03- imt sdk/imt_sdk_win_64/winarm/armgcc/bin/../lib/gcc/arm-none-eabi/7.2.1/../../../../arm-none-eabi/lib/thumb/v7-m\libg_nano.a(lib_a-strlen.o)
 .ARM.attributes
                0x0000042e       0x2d c:/users/hp/desktop/yasmin/imt/imt_arm_course/02- tools/03- imt sdk/imt_sdk_win_64/winarm/armgcc/bin/../lib/gcc/arm-none-eabi/7.2.1/../../../../arm-none-eabi/lib/thumb/v7-m\libg_nano.a(lib_a-vsnprintf.o)
 .ARM.attributes
                0x0000045b       0x2d c:/users/hp/desktop/yasmin/imt/imt_arm_course/02- tools/03- imt sdk/imt_sdk_win_64/winarm/armgcc/bin/../lib/gcc/arm-none-eabi/7.2.1/../../../../arm-none-eabi/lib/thumb/v7-m\libg_nano.a(lib_a-nano-svfprintf.o)
 .ARM.attributes
                0x00000488       0x2d c:/users/hp/desktop/yasmin/imt/imt_arm_course/02- tools/03- imt sdk/imt_sdk_win_64/winarm/armgcc/bin/../lib/gcc/arm-none-eabi/7.2.1/../../../../arm-none-eabi/lib/thumb/v7-m\libg_nano.a(lib_a-nano-vfprintf_i.o)
 .ARM.attributes
                0x000004b5       0x2d c:/users/hp/desktop/yasmin/imt/imt_arm_course/02- tools/03- imt sdk/imt_sdk_win_64/winarm/armgcc/bin/../lib/gcc/arm-none-eabi/7.2.1/../../../../arm-none-eabi/lib/thumb/v7-m\libg_nano.a(lib_a-memchr-stub.o)
 .ARM.attributes
                0x000004e2       0x2d c:/users/hp/desktop/yasmin/imt/imt_arm_course/02- tools/03- imt sdk/imt_sdk_win_64/winarm/armgcc/bin/../lib/gcc/arm-none-eabi/7.2.1/../../../../arm-none-eabi/lib/thumb/v7-m\libg_nano.a(lib_a-memcpy-stub.o)
 .ARM.attributes
                0x0000050f       0x2d c:/users/hp/desktop/yasmin/imt/imt_arm_course/02- tools/03- imt sdk/imt_sdk_win_64/winarm/armgcc/bin/../lib/gcc/arm-none-eabi/7.2.1/../../../../arm-none-eabi/lib/thumb/v7-m\libg_nano.a(lib_a-memmove.o)
 .ARM.attributes
                0x0000053c       0x2d c:/users/hp/desktop/yasmin/imt/imt_arm_course/02- tools/03- imt sdk/imt_sdk_win_64/winarm/armgcc/bin/../lib/gcc/arm-none-eabi/7.2.1/../../../../arm-none-eabi/lib/thumb/v7-m\libg_nano.a(lib_a-nano-freer.o)
 .ARM.attributes
                0x00000569       0x2d c:/users/hp/desktop/yasmin/imt/imt_arm_course/02- tools/03- imt sdk/imt_sdk_win_64/winarm/armgcc/bin/../lib/gcc/arm-none-eabi/7.2.1/../../../../arm-none-eabi/lib/thumb/v7-m\libg_nano.a(lib_a-nano-mallocr.o)
 .ARM.attributes
                0x00000596       0x2d c:/users/hp/desktop/yasmin/imt/imt_arm_course/02- tools/03- imt sdk/imt_sdk_win_64/winarm/armgcc/bin/../lib/gcc/arm-none-eabi/7.2.1/../../../../arm-none-eabi/lib/thumb/v7-m\libg_nano.a(lib_a-nano-reallocr.o)
 .ARM.attributes
                0x000005c3       0x2d c:/users/hp/desktop/yasmin/imt/imt_arm_course/02- tools/03- imt sdk/imt_sdk_win_64/winarm/armgcc/bin/../lib/gcc/arm-none-eabi/7.2.1/../../../../arm-none-eabi/lib/thumb/v7-m\libg_nano.a(lib_a-sbrkr.o)
 .ARM.attributes
                0x000005f0       0x2d c:/users/hp/desktop/yasmin/imt/imt_arm_course/02- tools/03- imt sdk/imt_sdk_win_64/winarm/armgcc/bin/../lib/gcc/arm-none-eabi/7.2.1/../../../../arm-none-eabi/lib/thumb/v7-m\libg_nano.a(lib_a-mlock.o)
 .ARM.attributes
                0x0000061d       0x2d c:/users/hp/desktop/yasmin/imt/imt_arm_course/02- tools/03- imt sdk/imt_sdk_win_64/winarm/armgcc/bin/../lib/gcc/arm-none-eabi/7.2.1/../../../../arm-none-eabi/lib/thumb/v7-m\libg_nano.a(lib_a-nano-msizer.o)

.debug
 *(.debug)

.line
 *(.line)

.debug_srcinfo
 *(.debug_srcinfo)

.debug_sfnames
 *(.debug_sfnames)

.debug_aranges  0x00000000      0x3a8
 *(.debug_aranges)
 .debug_aranges
                0x00000000       0x28 ./system/src/newlib/_exit.o
 .debug_aranges
                0x00000028       0x20 ./system/src/newlib/_sbrk.o
 .debug_aranges
                0x00000048       0x40 ./system/src/newlib/_startup.o
 .debug_aranges
                0x00000088       0x30 ./system/src/newlib/_syscalls.o
 .debug_aranges
                0x000000b8       0x38 ./system/src/diag/Trace.o
 .debug_aranges
                0x000000f0       0x30 ./system/src/diag/trace_impl.o
 .debug_aranges
                0x00000120       0x28 ./system/src/cortexm/_initialize_hardware.o
 .debug_aranges
                0x00000148       0x90 ./system/src/cortexm/exception_handlers.o
 .debug_aranges
                0x000001d8       0x38 ./system/src/cmsis/system_stm32f10x.o
 .debug_aranges
                0x00000210       0x20 ./system/src/cmsis/vectors_stm32f10x.o
 .debug_aranges
                0x00000230       0x30 ./src/DIO_program.o
 .debug_aranges
                0x00000260       0x48 ./src/ESP_program.o
 .debug_aranges
                0x000002a8       0x30 ./src/FPEC_program.o
 .debug_aranges
                0x000002d8       0x38 ./src/Parse.o
 .debug_aranges
                0x00000310       0x30 ./src/RCC_program.o
 .debug_aranges
                0x00000340       0x30 ./src/USART_program.o
 .debug_aranges
                0x00000370       0x38 ./src/main.o

.debug_pubnames
 *(.debug_pubnames)

.debug_info     0x00000000     0x6a70
 *(.debug_info .gnu.linkonce.wi.*)
 .debug_info    0x00000000      0x956 ./system/src/newlib/_exit.o
 .debug_info    0x00000956      0x942 ./system/src/newlib/_sbrk.o
 .debug_info    0x00001298      0x42e ./system/src/newlib/_startup.o
 .debug_info    0x000016c6      0xa19 ./system/src/newlib/_syscalls.o
 .debug_info    0x000020df      0xb2a ./system/src/diag/Trace.o
 .debug_info    0x00002c09      0x363 ./system/src/diag/trace_impl.o
 .debug_info    0x00002f6c      0x2b5 ./system/src/cortexm/_initialize_hardware.o
 .debug_info    0x00003221     0x1140 ./system/src/cortexm/exception_handlers.o
 .debug_info    0x00004361      0x494 ./system/src/cmsis/system_stm32f10x.o
 .debug_info    0x000047f5       0xca ./system/src/cmsis/vectors_stm32f10x.o
 .debug_info    0x000048bf      0x12c ./src/DIO_program.o
 .debug_info    0x000049eb      0xdb5 ./src/ESP_program.o
 .debug_info    0x000057a0      0x1af ./src/FPEC_program.o
 .debug_info    0x0000594f      0x269 ./src/Parse.o
 .debug_info    0x00005bb8       0xde ./src/RCC_program.o
 .debug_info    0x00005c96      0x161 ./src/USART_program.o
 .debug_info    0x00005df7      0xc79 ./src/main.o

.debug_abbrev   0x00000000     0x1b7a
 *(.debug_abbrev)
 .debug_abbrev  0x00000000      0x1f3 ./system/src/newlib/_exit.o
 .debug_abbrev  0x000001f3      0x1fc ./system/src/newlib/_sbrk.o
 .debug_abbrev  0x000003ef      0x1b3 ./system/src/newlib/_startup.o
 .debug_abbrev  0x000005a2      0x234 ./system/src/newlib/_syscalls.o
 .debug_abbrev  0x000007d6      0x276 ./system/src/diag/Trace.o
 .debug_abbrev  0x00000a4c      0x1e2 ./system/src/diag/trace_impl.o
 .debug_abbrev  0x00000c2e       0xea ./system/src/cortexm/_initialize_hardware.o
 .debug_abbrev  0x00000d18      0x32b ./system/src/cortexm/exception_handlers.o
 .debug_abbrev  0x00001043      0x177 ./system/src/cmsis/system_stm32f10x.o
 .debug_abbrev  0x000011ba       0x9d ./system/src/cmsis/vectors_stm32f10x.o
 .debug_abbrev  0x00001257       0xaa ./src/DIO_program.o
 .debug_abbrev  0x00001301      0x277 ./src/ESP_program.o
 .debug_abbrev  0x00001578       0xfc ./src/FPEC_program.o
 .debug_abbrev  0x00001674      0x10f ./src/Parse.o
 .debug_abbrev  0x00001783       0x7f ./src/RCC_program.o
 .debug_abbrev  0x00001802      0x104 ./src/USART_program.o
 .debug_abbrev  0x00001906      0x274 ./src/main.o

.debug_line     0x00000000     0x3b9d
 *(.debug_line)
 .debug_line    0x00000000      0x3fb ./system/src/newlib/_exit.o
 .debug_line    0x000003fb      0x3af ./system/src/newlib/_sbrk.o
 .debug_line    0x000007aa      0x469 ./system/src/newlib/_startup.o
 .debug_line    0x00000c13      0x4f0 ./system/src/newlib/_syscalls.o
 .debug_line    0x00001103      0x477 ./system/src/diag/Trace.o
 .debug_line    0x0000157a      0x6e4 ./system/src/diag/trace_impl.o
 .debug_line    0x00001c5e      0x39f ./system/src/cortexm/_initialize_hardware.o
 .debug_line    0x00001ffd      0x7a6 ./system/src/cortexm/exception_handlers.o
 .debug_line    0x000027a3      0x412 ./system/src/cmsis/system_stm32f10x.o
 .debug_line    0x00002bb5      0x12b ./system/src/cmsis/vectors_stm32f10x.o
 .debug_line    0x00002ce0      0x102 ./src/DIO_program.o
 .debug_line    0x00002de2      0x4e5 ./src/ESP_program.o
 .debug_line    0x000032c7      0x11a ./src/FPEC_program.o
 .debug_line    0x000033e1       0xe6 ./src/Parse.o
 .debug_line    0x000034c7       0xd5 ./src/RCC_program.o
 .debug_line    0x0000359c       0xdd ./src/USART_program.o
 .debug_line    0x00003679      0x524 ./src/main.o

.debug_frame    0x00000000      0xa88
 *(.debug_frame)
 .debug_frame   0x00000000       0x38 ./system/src/newlib/_exit.o
 .debug_frame   0x00000038       0x28 ./system/src/newlib/_sbrk.o
 .debug_frame   0x00000060       0x7c ./system/src/newlib/_startup.o
 .debug_frame   0x000000dc       0x50 ./system/src/newlib/_syscalls.o
 .debug_frame   0x0000012c       0x94 ./system/src/diag/Trace.o
 .debug_frame   0x000001c0       0x64 ./system/src/diag/trace_impl.o
 .debug_frame   0x00000224       0x40 ./system/src/cortexm/_initialize_hardware.o
 .debug_frame   0x00000264      0x158 ./system/src/cortexm/exception_handlers.o
 .debug_frame   0x000003bc       0x6c ./system/src/cmsis/system_stm32f10x.o
 .debug_frame   0x00000428       0x20 ./system/src/cmsis/vectors_stm32f10x.o
 .debug_frame   0x00000448       0x4c ./src/DIO_program.o
 .debug_frame   0x00000494       0xcc ./src/ESP_program.o
 .debug_frame   0x00000560       0x5c ./src/FPEC_program.o
 .debug_frame   0x000005bc       0x70 ./src/Parse.o
 .debug_frame   0x0000062c       0x40 ./src/RCC_program.o
 .debug_frame   0x0000066c       0x40 ./src/USART_program.o
 .debug_frame   0x000006ac       0x60 ./src/main.o
 .debug_frame   0x0000070c       0x20 c:/users/hp/desktop/yasmin/imt/imt_arm_course/02- tools/03- imt sdk/imt_sdk_win_64/winarm/armgcc/bin/../lib/gcc/arm-none-eabi/7.2.1/../../../../arm-none-eabi/lib/thumb/v7-m\libg_nano.a(lib_a-errno.o)
 .debug_frame   0x0000072c       0x20 c:/users/hp/desktop/yasmin/imt/imt_arm_course/02- tools/03- imt sdk/imt_sdk_win_64/winarm/armgcc/bin/../lib/gcc/arm-none-eabi/7.2.1/../../../../arm-none-eabi/lib/thumb/v7-m\libg_nano.a(lib_a-memset.o)
 .debug_frame   0x0000074c       0x6c c:/users/hp/desktop/yasmin/imt/imt_arm_course/02- tools/03- imt sdk/imt_sdk_win_64/winarm/armgcc/bin/../lib/gcc/arm-none-eabi/7.2.1/../../../../arm-none-eabi/lib/thumb/v7-m\libg_nano.a(lib_a-sprintf.o)
 .debug_frame   0x000007b8       0x4c c:/users/hp/desktop/yasmin/imt/imt_arm_course/02- tools/03- imt sdk/imt_sdk_win_64/winarm/armgcc/bin/../lib/gcc/arm-none-eabi/7.2.1/../../../../arm-none-eabi/lib/thumb/v7-m\libg_nano.a(lib_a-vsnprintf.o)
 .debug_frame   0x00000804       0x90 c:/users/hp/desktop/yasmin/imt/imt_arm_course/02- tools/03- imt sdk/imt_sdk_win_64/winarm/armgcc/bin/../lib/gcc/arm-none-eabi/7.2.1/../../../../arm-none-eabi/lib/thumb/v7-m\libg_nano.a(lib_a-nano-svfprintf.o)
 .debug_frame   0x00000894       0x60 c:/users/hp/desktop/yasmin/imt/imt_arm_course/02- tools/03- imt sdk/imt_sdk_win_64/winarm/armgcc/bin/../lib/gcc/arm-none-eabi/7.2.1/../../../../arm-none-eabi/lib/thumb/v7-m\libg_nano.a(lib_a-nano-vfprintf_i.o)
 .debug_frame   0x000008f4       0x28 c:/users/hp/desktop/yasmin/imt/imt_arm_course/02- tools/03- imt sdk/imt_sdk_win_64/winarm/armgcc/bin/../lib/gcc/arm-none-eabi/7.2.1/../../../../arm-none-eabi/lib/thumb/v7-m\libg_nano.a(lib_a-memchr-stub.o)
 .debug_frame   0x0000091c       0x28 c:/users/hp/desktop/yasmin/imt/imt_arm_course/02- tools/03- imt sdk/imt_sdk_win_64/winarm/armgcc/bin/../lib/gcc/arm-none-eabi/7.2.1/../../../../arm-none-eabi/lib/thumb/v7-m\libg_nano.a(lib_a-memcpy-stub.o)
 .debug_frame   0x00000944       0x28 c:/users/hp/desktop/yasmin/imt/imt_arm_course/02- tools/03- imt sdk/imt_sdk_win_64/winarm/armgcc/bin/../lib/gcc/arm-none-eabi/7.2.1/../../../../arm-none-eabi/lib/thumb/v7-m\libg_nano.a(lib_a-memmove.o)
 .debug_frame   0x0000096c       0x38 c:/users/hp/desktop/yasmin/imt/imt_arm_course/02- tools/03- imt sdk/imt_sdk_win_64/winarm/armgcc/bin/../lib/gcc/arm-none-eabi/7.2.1/../../../../arm-none-eabi/lib/thumb/v7-m\libg_nano.a(lib_a-nano-freer.o)
 .debug_frame   0x000009a4       0x2c c:/users/hp/desktop/yasmin/imt/imt_arm_course/02- tools/03- imt sdk/imt_sdk_win_64/winarm/armgcc/bin/../lib/gcc/arm-none-eabi/7.2.1/../../../../arm-none-eabi/lib/thumb/v7-m\libg_nano.a(lib_a-nano-mallocr.o)
 .debug_frame   0x000009d0       0x3c c:/users/hp/desktop/yasmin/imt/imt_arm_course/02- tools/03- imt sdk/imt_sdk_win_64/winarm/armgcc/bin/../lib/gcc/arm-none-eabi/7.2.1/../../../../arm-none-eabi/lib/thumb/v7-m\libg_nano.a(lib_a-nano-reallocr.o)
 .debug_frame   0x00000a0c       0x2c c:/users/hp/desktop/yasmin/imt/imt_arm_course/02- tools/03- imt sdk/imt_sdk_win_64/winarm/armgcc/bin/../lib/gcc/arm-none-eabi/7.2.1/../../../../arm-none-eabi/lib/thumb/v7-m\libg_nano.a(lib_a-sbrkr.o)
 .debug_frame   0x00000a38       0x30 c:/users/hp/desktop/yasmin/imt/imt_arm_course/02- tools/03- imt sdk/imt_sdk_win_64/winarm/armgcc/bin/../lib/gcc/arm-none-eabi/7.2.1/../../../../arm-none-eabi/lib/thumb/v7-m\libg_nano.a(lib_a-mlock.o)
 .debug_frame   0x00000a68       0x20 c:/users/hp/desktop/yasmin/imt/imt_arm_course/02- tools/03- imt sdk/imt_sdk_win_64/winarm/armgcc/bin/../lib/gcc/arm-none-eabi/7.2.1/../../../../arm-none-eabi/lib/thumb/v7-m\libg_nano.a(lib_a-nano-msizer.o)

.debug_str      0x00000000    0x56ab4
 *(.debug_str)
 .debug_str     0x00000000     0x7d10 ./system/src/newlib/_exit.o
                               0x7ee3 (size before relaxing)
 .debug_str     0x00007d10      0x4f5 ./system/src/newlib/_sbrk.o
                               0x7295 (size before relaxing)
 .debug_str     0x00008205      0xbbd ./system/src/newlib/_startup.o
                               0x69d0 (size before relaxing)
 .debug_str     0x00008dc2      0xe8b ./system/src/newlib/_syscalls.o
                               0x8170 (size before relaxing)
 .debug_str     0x00009c4d      0x826 ./system/src/diag/Trace.o
                               0x865b (size before relaxing)
 .debug_str     0x0000a473    0x4b2b9 ./system/src/diag/trace_impl.o
                              0x52a41 (size before relaxing)
 .debug_str     0x0005572c       0xc4 ./system/src/cortexm/_initialize_hardware.o
                              0x4e832 (size before relaxing)
 .debug_str     0x000557f0      0x1a6 ./system/src/cortexm/exception_handlers.o
                              0x53c66 (size before relaxing)
 .debug_str     0x00055996      0x114 ./system/src/cmsis/system_stm32f10x.o
                              0x4e8cc (size before relaxing)
 .debug_str     0x00055aaa       0x57 ./system/src/cmsis/vectors_stm32f10x.o
                               0x3871 (size before relaxing)
 .debug_str     0x00055b01      0x7f5 ./src/DIO_program.o
                               0x3564 (size before relaxing)
 .debug_str     0x000562f6      0x23f ./src/ESP_program.o
                               0x778e (size before relaxing)
 .debug_str     0x00056535      0x111 ./src/FPEC_program.o
                               0x2f49 (size before relaxing)
 .debug_str     0x00056646       0xb2 ./src/Parse.o
                               0x2f14 (size before relaxing)
 .debug_str     0x000566f8      0x273 ./src/RCC_program.o
                               0x3090 (size before relaxing)
 .debug_str     0x0005696b       0x9f ./src/USART_program.o
                               0x2fbe (size before relaxing)
 .debug_str     0x00056a0a       0xaa ./src/main.o
                               0x7a49 (size before relaxing)

.debug_loc      0x00000000     0x129e
 *(.debug_loc)
 .debug_loc     0x00000000       0x85 ./system/src/newlib/_sbrk.o
 .debug_loc     0x00000085      0x1a9 ./system/src/newlib/_startup.o
 .debug_loc     0x0000022e       0x63 ./system/src/newlib/_syscalls.o
 .debug_loc     0x00000291       0xf6 ./system/src/diag/Trace.o
 .debug_loc     0x00000387      0x121 ./system/src/diag/trace_impl.o
 .debug_loc     0x000004a8      0x291 ./system/src/cortexm/exception_handlers.o
 .debug_loc     0x00000739       0xdf ./system/src/cmsis/system_stm32f10x.o
 .debug_loc     0x00000818      0x38a ./src/DIO_program.o
 .debug_loc     0x00000ba2      0x3a6 ./src/ESP_program.o
 .debug_loc     0x00000f48       0x87 ./src/FPEC_program.o
 .debug_loc     0x00000fcf      0x18c ./src/Parse.o
 .debug_loc     0x0000115b       0xa6 ./src/RCC_program.o
 .debug_loc     0x00001201       0x73 ./src/USART_program.o
 .debug_loc     0x00001274       0x2a ./src/main.o

.debug_macinfo
 *(.debug_macinfo)

.debug_weaknames
 *(.debug_weaknames)

.debug_funcnames
 *(.debug_funcnames)

.debug_typenames
 *(.debug_typenames)

.debug_varnames
 *(.debug_varnames)
OUTPUT(FInalOTA.elf elf32-littlearm)

.debug_ranges   0x00000000      0x330
 .debug_ranges  0x00000000       0x18 ./system/src/newlib/_exit.o
 .debug_ranges  0x00000018       0x10 ./system/src/newlib/_sbrk.o
 .debug_ranges  0x00000028       0x78 ./system/src/newlib/_startup.o
 .debug_ranges  0x000000a0       0x20 ./system/src/newlib/_syscalls.o
 .debug_ranges  0x000000c0       0x28 ./system/src/diag/Trace.o
 .debug_ranges  0x000000e8       0x50 ./system/src/diag/trace_impl.o
 .debug_ranges  0x00000138       0x18 ./system/src/cortexm/_initialize_hardware.o
 .debug_ranges  0x00000150       0x80 ./system/src/cortexm/exception_handlers.o
 .debug_ranges  0x000001d0       0x28 ./system/src/cmsis/system_stm32f10x.o
 .debug_ranges  0x000001f8       0x10 ./system/src/cmsis/vectors_stm32f10x.o
 .debug_ranges  0x00000208       0x20 ./src/DIO_program.o
 .debug_ranges  0x00000228       0x58 ./src/ESP_program.o
 .debug_ranges  0x00000280       0x20 ./src/FPEC_program.o
 .debug_ranges  0x000002a0       0x28 ./src/Parse.o
 .debug_ranges  0x000002c8       0x20 ./src/RCC_program.o
 .debug_ranges  0x000002e8       0x20 ./src/USART_program.o
 .debug_ranges  0x00000308       0x28 ./src/main.o

.debug_macro    0x00000000     0x2da4
 .debug_macro   0x00000000      0x1b4 ./system/src/newlib/_exit.o
 .debug_macro   0x000001b4       0x9c ./system/src/newlib/_exit.o
 .debug_macro   0x00000250      0x10e ./system/src/newlib/_exit.o
 .debug_macro   0x0000035e       0x8d ./system/src/newlib/_exit.o
 .debug_macro   0x000003eb       0x43 ./system/src/newlib/_exit.o
 .debug_macro   0x0000042e      0x330 ./system/src/newlib/_exit.o
 .debug_macro   0x0000075e       0x35 ./system/src/newlib/_exit.o
 .debug_macro   0x00000793      0x169 ./system/src/newlib/_sbrk.o
 .debug_macro   0x000008fc      0x174 ./system/src/newlib/_sbrk.o
 .debug_macro   0x00000a70       0x10 ./system/src/newlib/_sbrk.o
 .debug_macro   0x00000a80      0x23b ./system/src/newlib/_sbrk.o
 .debug_macro   0x00000cbb      0x173 ./system/src/newlib/_startup.o
 .debug_macro   0x00000e2e      0x217 ./system/src/newlib/_syscalls.o
 .debug_macro   0x00001045       0x1c ./system/src/newlib/_syscalls.o
 .debug_macro   0x00001061       0x10 ./system/src/newlib/_syscalls.o
 .debug_macro   0x00001071       0x10 ./system/src/newlib/_syscalls.o
 .debug_macro   0x00001081       0x10 ./system/src/newlib/_syscalls.o
 .debug_macro   0x00001091       0x35 ./system/src/newlib/_syscalls.o
 .debug_macro   0x000010c6      0x122 ./system/src/newlib/_syscalls.o
 .debug_macro   0x000011e8       0x88 ./system/src/newlib/_syscalls.o
 .debug_macro   0x00001270       0x2b ./system/src/newlib/_syscalls.o
 .debug_macro   0x0000129b      0x118 ./system/src/newlib/_syscalls.o
 .debug_macro   0x000013b3      0x189 ./system/src/newlib/_syscalls.o
 .debug_macro   0x0000153c       0x16 ./system/src/newlib/_syscalls.o
 .debug_macro   0x00001552      0x1fb ./system/src/diag/Trace.o
 .debug_macro   0x0000174d       0x16 ./system/src/diag/Trace.o
 .debug_macro   0x00001763       0x97 ./system/src/diag/Trace.o
 .debug_macro   0x000017fa       0xfd ./system/src/diag/Trace.o
 .debug_macro   0x000018f7       0x10 ./system/src/diag/Trace.o
 .debug_macro   0x00001907       0x16 ./system/src/diag/Trace.o
 .debug_macro   0x0000191d      0x16f ./system/src/diag/Trace.o
 .debug_macro   0x00001a8c       0x4c ./system/src/diag/Trace.o
 .debug_macro   0x00001ad8       0x16 ./system/src/diag/Trace.o
 .debug_macro   0x00001aee      0x2da ./system/src/diag/trace_impl.o
 .debug_macro   0x00001dc8       0x10 ./system/src/diag/trace_impl.o
 .debug_macro   0x00001dd8       0xcf ./system/src/diag/trace_impl.o
 .debug_macro   0x00001ea7       0xbe ./system/src/diag/trace_impl.o
 .debug_macro   0x00001f65       0x22 ./system/src/diag/trace_impl.o
 .debug_macro   0x00001f87      0x16b ./system/src/cortexm/_initialize_hardware.o
 .debug_macro   0x000020f2      0x324 ./system/src/cortexm/exception_handlers.o
 .debug_macro   0x00002416       0x3b ./system/src/cortexm/exception_handlers.o
 .debug_macro   0x00002451       0x10 ./system/src/cortexm/exception_handlers.o
 .debug_macro   0x00002461      0x16e ./system/src/cmsis/system_stm32f10x.o
 .debug_macro   0x000025cf       0x34 ./system/src/cmsis/vectors_stm32f10x.o
 .debug_macro   0x00002603       0x40 ./src/DIO_program.o
 .debug_macro   0x00002643       0x22 ./src/DIO_program.o
 .debug_macro   0x00002665       0xe2 ./src/DIO_program.o
 .debug_macro   0x00002747       0x9a ./src/DIO_program.o
 .debug_macro   0x000027e1      0x1d0 ./src/ESP_program.o
 .debug_macro   0x000029b1       0x3a ./src/ESP_program.o
 .debug_macro   0x000029eb       0x41 ./src/FPEC_program.o
 .debug_macro   0x00002a2c       0x16 ./src/FPEC_program.o
 .debug_macro   0x00002a42       0x2e ./src/Parse.o
 .debug_macro   0x00002a70       0x3f ./src/RCC_program.o
 .debug_macro   0x00002aaf       0x1c ./src/RCC_program.o
 .debug_macro   0x00002acb       0x70 ./src/RCC_program.o
 .debug_macro   0x00002b3b       0x10 ./src/RCC_program.o
 .debug_macro   0x00002b4b       0x40 ./src/USART_program.o
 .debug_macro   0x00002b8b       0x10 ./src/USART_program.o
 .debug_macro   0x00002b9b      0x209 ./src/main.o
